djfvbljfdvaflv
afvjlfd;vklnfv
edflgbnsgb
bfrgfbdg
rtgrdngyyhn